C51 COMPILER V9.57.0.0   FLASH                                                             01/07/2021 12:59:08 PAGE 1   


C51 COMPILER V9.57.0.0, COMPILATION OF MODULE FLASH
OBJECT MODULE PLACED IN .\Objects\FLash.obj
COMPILER INVOKED BY: D:\Keil_v5\C51\BIN\C51.EXE FLash.c OPTIMIZE(8,SPEED) BROWSE DEBUG OBJECTEXTEND PRINT(.\Listings\FLa
                    -sh.lst) TABS(2) OBJECT(.\Objects\FLash.obj)

line level    source

   1          #include <reg52.h>
   2          #include <intrins.h>
   3          
   4          #define uint  unsigned int //宏定义用uxxx替换unsigned xxx
   5          #define uchar unsigned char//typedef 已有数据类型 新的数据类型；语句要加分号  
   6          
   7          uchar temp;//LED灯相关变量
   8          
   9          int delay(uint z);//声明延时函数
  10          
  11          int main()//主函数自身会循环
  12          {
  13   1        temp=0xfe;
  14   1        P1=temp;//1111 1110
  15   1        delay(10);
  16   1        while (1)
  17   1        {
  18   2            temp=_crol_(temp,1);//循环左移一位
  19   2            P1=temp;
  20   2            delay(100); 
  21   2        }
  22   1        return 0;
  23   1      }
  24          //延时函数
  25          int delay(uint z)//毫秒级延时函数
  26          {
  27   1        uint x,y;
  28   1        for (x=z;x>0;x--)//一条语句省略花括号
  29   1          for (y=114;y>0;y--);
  30   1        return 0;
  31   1      }
*** WARNING C294 IN LINE 22 OF FLash.c: unreachable code


MODULE INFORMATION:   STATIC OVERLAYABLE
   CODE SIZE        =     70    ----
   CONSTANT SIZE    =   ----    ----
   XDATA SIZE       =   ----    ----
   PDATA SIZE       =   ----    ----
   DATA SIZE        =      1    ----
   IDATA SIZE       =   ----    ----
   BIT SIZE         =   ----    ----
END OF MODULE INFORMATION.


C51 COMPILATION COMPLETE.  1 WARNING(S),  0 ERROR(S)
