C51 COMPILER V9.57.0.0   BUZZER                                                            01/10/2021 13:51:57 PAGE 1   


C51 COMPILER V9.57.0.0, COMPILATION OF MODULE BUZZER
OBJECT MODULE PLACED IN .\Objects\buzzer.obj
COMPILER INVOKED BY: D:\Keil_v5\C51\BIN\C51.EXE buzzer.c OPTIMIZE(8,SPEED) BROWSE DEBUG OBJECTEXTEND PRINT(.\Listings\bu
                    -zzer.lst) TABS(2) OBJECT(.\Objects\buzzer.obj)

line level    source

   1          #include <reg52.h>
   2          #include <intrins.h>
   3          //宏定义
   4          #define uint unsigned int
   5          #define uchar unsigned char
   6            
   7          sbit beep=P2^3;//蜂鸣器位定义
   8            
   9          uchar temp;//LED灯相关变量
  10          
  11          void  delay (uint z);//毫秒级相关延时函数声明
  12          
  13          void main()
  14          {
  15   1        temp=0xf0;//1111 0000 
  16   1        P1=temp;
  17   1        delay(100);
  18   1        while(1)
  19   1        {
  20   2          temp=_crol_(temp,1);//循环左移，四位一起流动
  21   2          P1=temp;
  22   2          beep=~beep;//取反（本来是1关闭取反后为零打开while循环达到滴滴声）
  23   2          delay(100);
  24   2        }
  25   1      }
  26          //延时函数
  27          void delay (uint z)
  28          {
  29   1        uint x,y;
  30   1        for(x=z;x>0;x--)
  31   1          for(y=114;y>0;y--);
  32   1        
  33   1      }


MODULE INFORMATION:   STATIC OVERLAYABLE
   CODE SIZE        =     69    ----
   CONSTANT SIZE    =   ----    ----
   XDATA SIZE       =   ----    ----
   PDATA SIZE       =   ----    ----
   DATA SIZE        =      1    ----
   IDATA SIZE       =   ----    ----
   BIT SIZE         =   ----    ----
END OF MODULE INFORMATION.


C51 COMPILATION COMPLETE.  0 WARNING(S),  0 ERROR(S)
